A-B B-C D-A D-E E-F G-D
A-B A-C D-A D-E E-F G-D
A-C B-C D-A D-E E-F G-D
